// Jest Snapshot v1, https://goo.gl/fbAQLP

exports[`Suggestions mounts 1`] = `
ShallowWrapper {
  "complexSelector": ComplexSelector {
    "buildPredicate": [Function],
    "childrenOfNode": [Function],
    "findWhereUnwrapped": [Function],
  },
  "length": 1,
  "node": <span
    className="c-wagtailautocomplete__suggestions__sub"
>
    <div
        className="c-wagtailautocomplete__search-input-container"
    >
        <input
            aria-activedescendant=""
            aria-autocomplete="list"
            aria-expanded={false}
            aria-haspopup="true"
            aria-owns="wagtailautocomplete-0"
            className="c-wagtailautocomplete__search"
            id={undefined}
            onChange={[Function]}
            onFocus={[Function]}
            onKeyDown={[Function]}
            role="combobox"
            type="text"
            value=""
        />
        <SearchIcon
            className="c-wagtailautocomplete__search-icon"
        />
    </div>
    <ul
        className="c-wagtailautocomplete__suggestions"
        id="wagtailautocomplete-0"
        role="listbox"
        style={
            Object {
                "display": "none",
              }
        }
    >
        <li
            className="c-wagtailautocomplete__suggestions__item c-wagtailautocomplete__suggestions__item--active"
            id="wagtailautocomplete-0-0"
            onClick={[Function]}
            onMouseEnter={[Function]}
            role="option"
        >
            <span>
                Alice
            </span>
            <RightArrowIcon />
        </li>
        <li
            className="c-wagtailautocomplete__suggestions__item"
            id="wagtailautocomplete-0-1"
            onClick={[Function]}
            onMouseEnter={[Function]}
            role="option"
        >
            <span>
                Tekisha
            </span>
            <RightArrowIcon />
        </li>
    </ul>
</span>,
  "nodes": Array [
    <span
      className="c-wagtailautocomplete__suggestions__sub"
>
      <div
            className="c-wagtailautocomplete__search-input-container"
      >
            <input
                  aria-activedescendant=""
                  aria-autocomplete="list"
                  aria-expanded={false}
                  aria-haspopup="true"
                  aria-owns="wagtailautocomplete-0"
                  className="c-wagtailautocomplete__search"
                  id={undefined}
                  onChange={[Function]}
                  onFocus={[Function]}
                  onKeyDown={[Function]}
                  role="combobox"
                  type="text"
                  value=""
            />
            <SearchIcon
                  className="c-wagtailautocomplete__search-icon"
            />
      </div>
      <ul
            className="c-wagtailautocomplete__suggestions"
            id="wagtailautocomplete-0"
            role="listbox"
            style={
                  Object {
                        "display": "none",
                      }
            }
      >
            <li
                  className="c-wagtailautocomplete__suggestions__item c-wagtailautocomplete__suggestions__item--active"
                  id="wagtailautocomplete-0-0"
                  onClick={[Function]}
                  onMouseEnter={[Function]}
                  role="option"
            >
                  <span>
                        Alice
                  </span>
                  <RightArrowIcon />
            </li>
            <li
                  className="c-wagtailautocomplete__suggestions__item"
                  id="wagtailautocomplete-0-1"
                  onClick={[Function]}
                  onMouseEnter={[Function]}
                  role="option"
            >
                  <span>
                        Tekisha
                  </span>
                  <RightArrowIcon />
            </li>
      </ul>
</span>,
  ],
  "options": Object {},
  "renderer": ReactShallowRenderer {
    "_instance": ShallowComponentWrapper {
      "_calledComponentWillUnmount": false,
      "_compositeType": 1,
      "_context": Object {},
      "_currentElement": <Suggestions
        canCreate={true}
        input={
                Object {
                        "value": "",
                      }
        }
        onChange={[Function]}
        onClick={[Function]}
        onCreate={[Function]}
        suggestions={
                Array [
                        Object {
                          "id": 1,
                          "title": "Alice",
                        },
                        Object {
                          "id": 2,
                          "title": "Tekisha",
                        },
                      ]
        }
/>,
      "_debugID": 1,
      "_hostContainerInfo": null,
      "_hostParent": null,
      "_instance": Suggestions {
        "_reactInternalInstance": [Circular],
        "context": Object {},
        "handleBlurClick": [Function],
        "handleFocus": [Function],
        "handleKeyPress": [Function],
        "props": Object {
          "canCreate": true,
          "input": Object {
            "value": "",
          },
          "onChange": [Function],
          "onClick": [Function],
          "onCreate": [Function],
          "suggestions": Array [
            Object {
              "id": 1,
              "title": "Alice",
            },
            Object {
              "id": 2,
              "title": "Tekisha",
            },
          ],
        },
        "refs": Object {},
        "state": Object {
          "index": 0,
          "visible": false,
        },
        "suggestionItemsElm": Object {},
        "suggestionsControlsId": "wagtailautocomplete-0",
        "updater": Object {
          "enqueueCallback": [Function],
          "enqueueCallbackInternal": [Function],
          "enqueueElementInternal": [Function],
          "enqueueForceUpdate": [Function],
          "enqueueReplaceState": [Function],
          "enqueueSetState": [Function],
          "isMounted": [Function],
          "validateCallback": [Function],
        },
      },
      "_mountOrder": 1,
      "_pendingCallbacks": null,
      "_pendingElement": null,
      "_pendingForceUpdate": false,
      "_pendingReplaceState": false,
      "_pendingStateQueue": null,
      "_renderedComponent": NoopInternalComponent {
        "_currentElement": <span
          className="c-wagtailautocomplete__suggestions__sub"
>
          <div
                    className="c-wagtailautocomplete__search-input-container"
          >
                    <input
                              aria-activedescendant=""
                              aria-autocomplete="list"
                              aria-expanded={false}
                              aria-haspopup="true"
                              aria-owns="wagtailautocomplete-0"
                              className="c-wagtailautocomplete__search"
                              id={undefined}
                              onChange={[Function]}
                              onFocus={[Function]}
                              onKeyDown={[Function]}
                              role="combobox"
                              type="text"
                              value=""
                    />
                    <SearchIcon
                              className="c-wagtailautocomplete__search-icon"
                    />
          </div>
          <ul
                    className="c-wagtailautocomplete__suggestions"
                    id="wagtailautocomplete-0"
                    role="listbox"
                    style={
                              Object {
                                        "display": "none",
                                      }
                    }
          >
                    <li
                              className="c-wagtailautocomplete__suggestions__item c-wagtailautocomplete__suggestions__item--active"
                              id="wagtailautocomplete-0-0"
                              onClick={[Function]}
                              onMouseEnter={[Function]}
                              role="option"
                    >
                              <span>
                                        Alice
                              </span>
                              <RightArrowIcon />
                    </li>
                    <li
                              className="c-wagtailautocomplete__suggestions__item"
                              id="wagtailautocomplete-0-1"
                              onClick={[Function]}
                              onMouseEnter={[Function]}
                              role="option"
                    >
                              <span>
                                        Tekisha
                              </span>
                              <RightArrowIcon />
                    </li>
          </ul>
</span>,
        "_debugID": 2,
        "_renderedOutput": <span
          className="c-wagtailautocomplete__suggestions__sub"
>
          <div
                    className="c-wagtailautocomplete__search-input-container"
          >
                    <input
                              aria-activedescendant=""
                              aria-autocomplete="list"
                              aria-expanded={false}
                              aria-haspopup="true"
                              aria-owns="wagtailautocomplete-0"
                              className="c-wagtailautocomplete__search"
                              id={undefined}
                              onChange={[Function]}
                              onFocus={[Function]}
                              onKeyDown={[Function]}
                              role="combobox"
                              type="text"
                              value=""
                    />
                    <SearchIcon
                              className="c-wagtailautocomplete__search-icon"
                    />
          </div>
          <ul
                    className="c-wagtailautocomplete__suggestions"
                    id="wagtailautocomplete-0"
                    role="listbox"
                    style={
                              Object {
                                        "display": "none",
                                      }
                    }
          >
                    <li
                              className="c-wagtailautocomplete__suggestions__item c-wagtailautocomplete__suggestions__item--active"
                              id="wagtailautocomplete-0-0"
                              onClick={[Function]}
                              onMouseEnter={[Function]}
                              role="option"
                    >
                              <span>
                                        Alice
                              </span>
                              <RightArrowIcon />
                    </li>
                    <li
                              className="c-wagtailautocomplete__suggestions__item"
                              id="wagtailautocomplete-0-1"
                              onClick={[Function]}
                              onMouseEnter={[Function]}
                              role="option"
                    >
                              <span>
                                        Tekisha
                              </span>
                              <RightArrowIcon />
                    </li>
          </ul>
</span>,
      },
      "_renderedNodeType": 0,
      "_rootNodeID": 0,
      "_topLevelWrapper": null,
      "_updateBatchNumber": null,
      "_warnedAboutRefsInRender": false,
    },
    "getRenderOutput": [Function],
    "render": [Function],
  },
  "root": [Circular],
  "unrendered": <Suggestions
    canCreate={true}
    input={
        Object {
            "value": "",
          }
    }
    onChange={[Function]}
    onClick={[Function]}
    onCreate={[Function]}
    suggestions={
        Array [
            Object {
              "id": 1,
              "title": "Alice",
            },
            Object {
              "id": 2,
              "title": "Tekisha",
            },
          ]
    }
/>,
}
`;
